
> onyxpos-frontend@1.0.0 dev
> vite


  VITE v7.3.0  ready in 564 ms

  ➜  Local:   http://localhost:3000/
  ➜  Network: use --host to expose

PWA v1.2.0
mode      generateSW
precache  2 entries (0.12 KiB)
files generated
  dev-dist/sw.js
  dev-dist/workbox-6fc00345.js
9:21:09 AM [vite] (client) hmr update /src/App.jsx, /src/index.css
9:21:10 AM [vite] (client) hmr update /src/App.jsx, /src/index.css
9:21:16 AM [vite] (client) hmr update /src/App.jsx, /src/pages/Login.jsx, /src/pages/Billing.jsx, /src/components/Layout.jsx, /src/pages/Dashboard.jsx, /src/pages/Inventory.jsx, /src/pages/Payroll.jsx, /src/pages/Settings.jsx, /src/pages/PlatformRevenue.jsx, /src/pages/Schedule.jsx, /src/pages/Employees.jsx, /src/pages/SalesTerminal.jsx, /src/pages/TimeClock.jsx, /src/pages/Signup.jsx, /src/index.css
9:21:30 AM [vite] (client) hmr update /src/pages/Inventory.jsx, /src/index.css
9:21:30 AM [vite] (client) hmr update /src/pages/Inventory.jsx, /src/index.css
9:27:06 AM [vite] (client) hmr update /src/index.css, /src/App.jsx, /src/pages/Login.jsx, /src/pages/Billing.jsx, /src/components/Layout.jsx, /src/pages/Schedule.jsx, /src/pages/Employees.jsx, /src/pages/Signup.jsx, /src/pages/TimeClock.jsx, /src/pages/Dashboard.jsx, /src/pages/Inventory.jsx, /src/pages/Payroll.jsx, /src/pages/Settings.jsx, /src/pages/PlatformRevenue.jsx, /src/pages/SalesTerminal.jsx
9:34:16 AM [vite] (client) hmr update /src/components/Layout.jsx, /src/index.css
10:26:30 AM [vite] (client) hmr update /src/pages/TimeClock.jsx, /src/index.css
10:26:31 AM [vite] (client) hmr update /src/pages/TimeClock.jsx, /src/index.css
10:26:33 AM [vite] (client) hmr update /src/pages/TimeClock.jsx, /src/index.css
10:46:02 AM [vite] (client) hmr update /src/index.css, /src/App.jsx, /src/pages/Login.jsx, /src/pages/Billing.jsx, /src/components/Layout.jsx, /src/pages/Schedule.jsx, /src/pages/Employees.jsx, /src/pages/Signup.jsx, /src/pages/TimeClock.jsx, /src/pages/Dashboard.jsx, /src/pages/Inventory.jsx, /src/pages/Payroll.jsx, /src/pages/Settings.jsx, /src/pages/PlatformRevenue.jsx, /src/pages/SalesTerminal.jsx
11:10:05 AM [vite] (client) hmr update /src/pages/Analytics.jsx, /src/index.css
11:11:15 AM [vite] (client) hmr update /src/App.jsx, /src/index.css
11:11:20 AM [vite] (client) hmr update /src/App.jsx, /src/index.css
11:11:33 AM [vite] (client) hmr update /src/components/Layout.jsx, /src/index.css
11:11:40 AM [vite] (client) hmr update /src/components/Layout.jsx, /src/index.css
11:12:06 AM [vite] (client) hmr update /src/pages/Payroll.jsx, /src/index.css
11:12:11 AM [vite] (client) hmr update /src/pages/Payroll.jsx, /src/index.css
11:12:19 AM [vite] (client) hmr update /src/pages/Payroll.jsx, /src/index.css
11:12:37 AM [vite] (client) hmr update /src/pages/Payroll.jsx, /src/index.css
11:12:56 AM [vite] (client) hmr update /src/pages/Payroll.jsx, /src/index.css
